gih*phrase joiner
dih*sentence marker
kih*word joiner
tih*no
a*yes
sha*hello
sho*goodbye
se*ok
tu*please,thank you
ri*prompt word
zo*past-tense
de*present-tense
ba*future-tense
da*question
no*begin-tense
ke*continue-tense
ra*finish-tense
fih*I
uh*you
ti*he,she,it
kuh*we
vo*have
ne*want
na*go,move
sa*be,is
ko*come,arrive
do*do,make
zuh*can,able
li*good
zi*this
za*that
gi*here
ga*there
fa*in
si*at
lih*to
ni*of,from
shra*for,that
tho*or
tha*and
gro*but
fla*also
ki*age
rih*speed
fu*small,little
to*less
ta*more
muh*big,large
sih*all
va*many
ro*some
vi*same,equivallent
kro*opposite
futo*smell
fuma*furniture
nimo*drink
lizu*believe,belief
litho*white
lida*mineral
zovo*work
noda*vessel,container
zaruh*room,space,place
lado*compute,computer
namo*eat,food
natuh*need
zihva*talk,speak,say
tufu*feel,emotion
tuzo*location
tura*earth
vuto*feel,touch
rubuh*temperature
tizuh*air
tika*uncertain,probably,might
rizu*type,kind
vito*learn
vosa*person,people
voza*day,date
vothi*sequence,set
votha*bathe,bath,shower
voduh*red
tafi*know,knowledge
maruh*live,alive
ravi*fire
krado*wait,remain,stay
zoti*give,gift
guto*see,look,sight
besha*animal
seto*sleep
buto*hear,listen,sound
suto*taste
suta*next
suma*yellow
bizo*building
bolih*plant
boma*word
boda*write,book
thona*remember,memory
zafu*green
kuli*pay,money,credit
kuma*amount
kizo*water
kora*time
kogu*black
dovu*house,home,abode,dwelling
shola*mean,meaning
duhgu*blue
shavi*like,cool
shato*use,tool
shata*thing,object
klabo*philosophize,think,thought
kratisha*Cryptish
ze*0
go*1
nuh*2
nu*3
so*4
mu*5
me*6
fo*7
le*8
lo*9
